
> aoc-guild-profession-planner@0.1.0 build
> next build

Ôû▓ Next.js 16.1.0 (Turbopack)
- Environments: .env.local

  Creating an optimized production build ...
Ô£ô Compiled successfully in 1403.2ms
  Running TypeScript ...
  Collecting page data using 31 workers ...
  Generating static pages using 31 workers (0/11) ...
  Generating static pages using 31 workers (2/11) 
  Generating static pages using 31 workers (5/11) 
  Generating static pages using 31 workers (8/11) 
Missing translation: home.title
Missing translation: home.subtitle
Missing translation: home.enterClanPlaceholder
Missing translation: common.enter
Missing translation: home.notLoggedInHint
Missing translation: home.feature1Title
Missing translation: home.feature1Desc
Missing translation: home.feature2Title
Missing translation: home.feature2Desc
Missing translation: home.feature3Title
Missing translation: home.feature3Desc
Ô£ô Generating static pages using 31 workers (11/11) in 414.2ms
  Finalizing page optimization ...

Route (app)
Ôöî Ôùï /
Ôö£ Ôùï /_not-found
Ôö£ ãÆ /[clan]
Ôö£ ãÆ /[clan]/public
Ôö£ ãÆ /api/clan-public
Ôö£ ãÆ /api/clan/achievements/sync
Ôö£ ãÆ /api/clan/permissions
Ôö£ ãÆ /api/discord
Ôö£ Ôùï /auth/callback
Ôö£ Ôùï /login
Ôöö Ôùï /settings


Ôùï  (Static)   prerendered as static content
ãÆ  (Dynamic)  server-rendered on demand

